
> lms-backend@0.0.1 build
> nest build

node.exe : [96msrc/modules/auth/auth.module.ts[0m:
[93m17[0m:[93m7[0m - [91merror[0m[90m TS2322: 
[0mType '(config: ConfigService) => { secret: 
string | undefined; signOptions: { expiresIn: 
string; }; }' is not assignable to type '(...args: 
any[]) => JwtModuleOptions | 
Promise<JwtModuleOptions>'.
At line:1 char:1
+ & "C:\Program Files\nodejs/node.exe" "C:\Program 
Files\nodejs/node_mo ...
+ ~~~~~~~~~~~~~~~~~~~~~~~~~~~~~~~~~~~~~~~~~~~~~~~~~~~
~~~~~~~~~~~~~~~~~~
    + CategoryInfo          : NotSpecified: ([96msr 
   c/module...oduleOptions>'.:String) [], RemoteExc  
  eption
    + FullyQualifiedErrorId : NativeCommandError
 
  Type '{ secret: string | undefined; signOptions: { 
expiresIn: string; }; }' is not assignable to type 
'JwtModuleOptions | Promise<JwtModuleOptions>'.
    Type '{ secret: string | undefined; signOptions: 
{ expiresIn: string; }; }' is not assignable to type 
'JwtModuleOptions'.
      The types of 'signOptions.expiresIn' are 
incompatible between these types.
        Type 'string' is not assignable to type 
'number | StringValue | undefined'.

[7m17[0m       useFactory: (config: ConfigService) 
=> ({
[7m  [0m [91m      ~~~~~~~~~~[0m

  [96mnode_modules/@nestjs/jwt/dist/interfaces/jwt-m
odule-options.interface.d.ts[0m:[93m24[0m:[93m5[
0m
    [7m24[0m     useFactory?: (...args: any[]) => 
Promise<JwtModuleOptions> | JwtModuleOptions;
    [7m  [0m [96m    ~~~~~~~~~~[0m
    The expected type comes from property 
'useFactory' which is declared here on type 
'JwtModuleAsyncOptions'
[96msrc/modules/auth/token.service.ts[0m:[93m35[0
m:[93m40[0m - [91merror[0m[90m TS2769: [0mNo 
overload matches this call.
  Overload 1 of 3, '(payload: string, options?: 
Omit<JwtSignOptions, keyof SignOptions> | 
undefined): Promise<string>', gave the following 
error.
    Argument of type '{ sub: string; tenantId: 
string; role: $Enums.UserRole; deviceId: string; }' 
is not assignable to parameter of type 'string'.
  Overload 2 of 3, '(payload: 
Buffer<ArrayBufferLike>, options?: JwtSignOptions | 
undefined): Promise<string>', gave the following 
error.
    Object literal may only specify known 
properties, and 'sub' does not exist in type 
'Buffer<ArrayBufferLike>'.
  Overload 3 of 3, '(payload: { sub: string; 
tenantId: string; role: UserRole; deviceId: string; 
}, options?: JwtSignOptions | undefined): 
Promise<string>', gave the following error.
    Type 'string' is not assignable to type 'number 
| StringValue | undefined'.

[7m35[0m     const accessToken = await 
this.jwt.signAsync(
[7m  [0m [91m                                     
  ~~~~~~~~~[0m

[96msrc/modules/auth/token.service.ts[0m:[93m84[0
m:[93m9[0m - [91merror[0m[90m TS2322: [0mType 
'{ user: { email: string; role: UserRole; id: 
string; created_at: Date; updated_at: Date; 
deleted_at: Date | null; tenant_id: string; phone: 
string | null; password_hash: string; ... 8 more 
...; last_login_ip: string | null; }; device: { ...; 
} | null; } & { ...; }' is not assignable to type 
'null'.

[7m84[0m         matchedToken = token;
[7m  [0m [91m        ~~~~~~~~~~~~[0m
[96msrc/modules/auth/token.service.ts[0m:[93m95[0
m:[93m33[0m - [91merror[0m[90m TS2339: 
[0mProperty 'id' does not exist on type 'never'.

[7m95[0m       where: { id: matchedToken.id },
[7m  [0m [91m                                
~~[0m
[96msrc/modules/auth/token.service.ts[0m:[93m100[
0m:[93m20[0m - [91merror[0m[90m TS2339: 
[0mProperty 'user' does not exist on type 'never'.

[7m100[0m       matchedToken.user,
[7m   [0m [91m                   ~~~~[0m
[96msrc/modules/auth/token.service.ts[0m:[93m101[
0m:[93m20[0m - [91merror[0m[90m TS2339: 
[0mProperty 'device_id' does not exist on type 
'never'.

[7m101[0m       matchedToken.device_id ?? 
matchedToken.user_id,
[7m   [0m [91m                   ~~~~~~~~~[0m
[96msrc/modules/auth/token.service.ts[0m:[93m101[
0m:[93m46[0m - [91merror[0m[90m TS2339: 
[0mProperty 'user_id' does not exist on type 
'never'.

[7m101[0m       matchedToken.device_id ?? 
matchedToken.user_id,
[7m   [0m [91m                                    
         ~~~~~~~[0m
[96msrc/modules/payment/payment.service.ts[0m:[93m
27[0m:[93m27[0m - [91merror[0m[90m TS2769: 
[0mNo overload matches this call.
  Overload 1 of 4, '(iterable?: Iterable<readonly 
["PAYMOB" | "STRIPE", PaymobStrategy]> | null | 
undefined): Map<"PAYMOB" | "STRIPE", 
PaymobStrategy>', gave the following error.
    Argument of type '(["PAYMOB", PaymobStrategy] | 
["STRIPE", StripeStrategy])[]' is not assignable to 
parameter of type 'Iterable<readonly ["PAYMOB" | 
"STRIPE", PaymobStrategy]>'.
      The types returned by 
'[Symbol.iterator]().next(...)' are incompatible 
between these types.
        Type 'IteratorResult<["PAYMOB", 
PaymobStrategy] | ["STRIPE", StripeStrategy], any>' 
is not assignable to type 'IteratorResult<readonly 
["PAYMOB" | "STRIPE", PaymobStrategy], any>'.
          Type 'IteratorYieldResult<["PAYMOB", 
PaymobStrategy] | ["STRIPE", StripeStrategy]>' is 
not assignable to type 'IteratorResult<readonly 
["PAYMOB" | "STRIPE", PaymobStrategy], any>'.
            Type 'IteratorYieldResult<["PAYMOB", 
PaymobStrategy] | ["STRIPE", StripeStrategy]>' is 
not assignable to type 'IteratorYieldResult<readonly 
["PAYMOB" | "STRIPE", PaymobStrategy]>'.
              Type '["PAYMOB", PaymobStrategy] | 
["STRIPE", StripeStrategy]' is not assignable to 
type 'readonly ["PAYMOB" | "STRIPE", 
PaymobStrategy]'.
                Type '["STRIPE", StripeStrategy]' is 
not assignable to type 'readonly ["PAYMOB" | 
"STRIPE", PaymobStrategy]'.
                  Type at position 1 in source is 
not compatible with type at position 1 in target.
                    The types of 'name' are 
incompatible between these types.
                      Type '"STRIPE"' is not 
assignable to type '"PAYMOB"'.
  Overload 2 of 4, '(entries?: readonly (readonly 
["PAYMOB" | "STRIPE", PaymobStrategy])[] | null | 
undefined): Map<"PAYMOB" | "STRIPE", 
PaymobStrategy>', gave the following error.
    Type 'StripeStrategy' is not assignable to type 
'PaymobStrategy'.
      Types of property 'name' are incompatible.
        Type '"STRIPE"' is not assignable to type 
'"PAYMOB"'.

[7m27[0m     this.strategies = new Map([
[7m  [0m [91m                          ~~~[0m

[96msrc/modules/payment/payment.service.ts[0m:[93m
81[0m:[93m9[0m - [91merror[0m[90m TS2322: 
[0mType 'Record<string, unknown>' is not assignable 
to type 'InputJsonValue | NullableJsonNullValueInput 
| undefined'.
  Type 'Record<string, unknown>' is missing the 
following properties from type 'readonly 
(InputJsonValue | null)[]': length, concat, join, 
slice, and 26 more.

[7m81[0m         gateway_payload: 
intent.gatewayPayload,
[7m  [0m [91m        ~~~~~~~~~~~~~~~[0m

  [96mnode_modules/.prisma/client/index.d.ts[0m:[9
3m30989[0m:[93m5[0m
    [7m30989[0m     gateway_payload?: 
NullableJsonNullValueInput | InputJsonValue
    [7m     [0m [96m    ~~~~~~~~~~~~~~~[0m
    The expected type comes from property 
'gateway_payload' which is declared here on type 
'(Without<PaymentCreateInput, 
PaymentUncheckedCreateInput> & 
PaymentUncheckedCreateInput) | (Without<...> & 
PaymentCreateInput)'
[96msrc/modules/payment/payment.service.ts[0m:[93m
125[0m:[93m13[0m - [91merror[0m[90m TS2322: 
[0mType 'Record<string, unknown>' is not assignable 
to type 'InputJsonValue | NullableJsonNullValueInput 
| undefined'.
  Type 'Record<string, unknown>' is missing the 
following properties from type 'readonly 
(InputJsonValue | null)[]': length, concat, join, 
slice, and 26 more.

[7m125[0m             gateway_payload: payload as 
Record<string, unknown>,
[7m   [0m [91m            ~~~~~~~~~~~~~~~[0m

  [96mnode_modules/.prisma/client/index.d.ts[0m:[9
3m31029[0m:[93m5[0m
    [7m31029[0m     gateway_payload?: 
NullableJsonNullValueInput | InputJsonValue
    [7m     [0m [96m    ~~~~~~~~~~~~~~~[0m
    The expected type comes from property 
'gateway_payload' which is declared here on type 
'(Without<PaymentUpdateInput, 
PaymentUncheckedUpdateInput> & 
PaymentUncheckedUpdateInput) | (Without<...> & 
PaymentUpdateInput)'
[96msrc/shared/exceptions/payment-required.exception
.ts[0m:[93m1[0m:[93m10[0m - [91merror[0m[90m 
TS2305: [0mModule '"@nestjs/common"' has no 
exported member 'PaymentRequiredException'.

[7m1[0m import { PaymentRequiredException } from 
'@nestjs/common';
[7m [0m [91m         ~~~~~~~~~~~~~~~~~~~~~~~~[0m
[96msrc/shared/exceptions/payment-required.exception
.ts[0m:[93m1[0m:[93m10[0m - [91merror[0m[90m 
TS2395: [0mIndividual declarations in merged 
declaration 'PaymentRequiredException' must be all 
exported or all local.

[7m1[0m import { PaymentRequiredException } from 
'@nestjs/common';
[7m [0m [91m         ~~~~~~~~~~~~~~~~~~~~~~~~[0m
[96msrc/shared/exceptions/payment-required.exception
.ts[0m:[93m6[0m:[93m14[0m - [91merror[0m[90m 
TS2395: [0mIndividual declarations in merged 
declaration 'PaymentRequiredException' must be all 
exported or all local.

[7m6[0m export class PaymentRequiredException 
extends HttpException {
[7m [0m [91m             
~~~~~~~~~~~~~~~~~~~~~~~~[0m
[96msrc/shared/middleware/tenant.middleware.ts[0m:
[93m65[0m:[93m82[0m - [91merror[0m[90m TS2339: 
[0mProperty 'where' does not exist on type '{ 
select?: TenantSelect<DefaultArgs> | null | 
undefined; omit?: TenantOmit<DefaultArgs> | null | 
undefined; include?: TenantInclude<...> | null | 
undefined; ... 5 more ...; distinct?: 
TenantScalarFieldEnum | ... 1 more ... | undefined; 
} | undefined'.

[7m65[0m         where: whereClause as 
Parameters<typeof 
this.prisma.tenant.findFirst>[0]['where'],
[7m  [0m [91m                                     
                                            
~~~~~~~[0m

Found 14 error(s).

